{
	"pageElement": {
		"pageElements": [
			{
				"definition": {
					"formConfig": {
						"formReference": {
							"className": "com.liferay.object.model.ObjectDefinition#00000",
							"classType": 0
						},
						"formSuccessSubmissionResult": {
							"message": {
								"value_i18n": {
									"en_US": "Thanks",
									"es_ES": "Gracias"
								}
							},
							"messageType": "Embedded"
						}
					},
					"indexed": true,
					"layout": {
					}
				},
				"type": "Form"
			}
		],
		"type": "Root"
	},
	"settings": {
		"colorSchemeName": "01",
		"themeName": "Classic"
	},
	"version": 1.1
}