{
	"pageElement": {
		"pageElements": [
			{
				"definition": {
					"fragmentLink": {
						"href": {
							"mapping": {
								"itemReference": {
									"className": "com.liferay.portal.kernel.model.Layout",
									"fields": [
										{
											"fieldName": "friendlyURL",
											"fieldValue": "£{FRIENDLY_URL}"
										},
										{
											"fieldName": "privatePage",
											"fieldValue": "false"
										},
										{
											"fieldName": "siteKey",
											"fieldValue": "£{SITE_KEY}"
										}
									]
								}
							}
						}
					},
					"fragmentStyle": {
						"borderWidth": "0"
					},
					"indexed": true,
					"layout": {
					}
				},
				"type": "Section"
			}
		],
		"type": "Root"
	},
	"settings": {
		"colorSchemeName": "01",
		"themeName": "Classic"
	},
	"version": 1.1
}