// Jest Snapshot v1, https://goo.gl/fbAQLP

exports[`OAuthReceive should render 1`] = `
<div>
  <span
    aria-hidden="true"
    class="loading-root center loading-animation"
  />
</div>
`;
