// Jest Snapshot v1, https://goo.gl/fbAQLP

exports[`AssignSegments should render 1`] = `
<div>
  <div
    class="assign-segments"
  >
    <div
      class="modal-body d-flex flex-column align-items-center"
    >
      <h2
        aria-hidden="true"
        data-aria-hidden="true"
      >
        Assign Existing Segments
      </h2>
      <span
        aria-hidden="true"
        class="subtitle"
        data-aria-hidden="true"
      >
        Your existing segments will be hidden until they have been assigned. A segment can only belong to a single property.
      </span>
      <div
        class="assign-segments-table-wrapper"
      >
        <div
          class="table-responsive table-root flex-grow-1"
        >
          <table
            class="table table-autofit table-hover table-heading-nowrap table-nowrap"
          >
            <thead
              aria-hidden="true"
              data-aria-hidden="true"
            >
              <tr>
                <th
                  class="table-head-title"
                >
                  <button
                    class="inline-item text-truncate-inline btn btn-unstyled"
                    type="button"
                  >
                    <span
                      class="text-truncate"
                    >
                      Segment Name
                    </span>
                    <span
                      class="inline-item inline-item-after"
                    >
                      <svg
                        class="lexicon-icon lexicon-icon-order-arrow-up icon-root"
                        role="presentation"
                      >
                        <use
                          xlink:href="#order-arrow-up"
                        />
                      </svg>
                    </span>
                  </button>
                </th>
                <th
                  class="table-head-title"
                >
                  <button
                    class="inline-item text-truncate-inline btn btn-unstyled"
                    type="button"
                  >
                    <span
                      class="text-truncate"
                    >
                      Created by
                    </span>
                  </button>
                </th>
                <th
                  class="table-head-title"
                />
              </tr>
            </thead>
            <tbody>
              <tr
                class=""
              >
                <td
                  aria-hidden="true"
                  data-aria-hidden="true"
                >
                  Seattle1
                </td>
                <td
                  aria-hidden="true"
                  data-aria-hidden="true"
                >
                  -
                </td>
                <td>
                  <button
                    aria-activedescendant=""
                    aria-expanded="true"
                    aria-haspopup="listbox"
                    aria-owns="clay-id-2"
                    class="form-control form-control-select form-control-select-secondary show"
                    data-testid="select-1"
                    required=""
                    role="combobox"
                    style=""
                    tabindex="0"
                    type="button"
                  >
                    Select an option
                  </button>
                </td>
              </tr>
              <tr
                aria-hidden="true"
                class=""
                data-aria-hidden="true"
              >
                <td>
                  Seattle2
                </td>
                <td>
                  -
                </td>
                <td>
                  <button
                    aria-activedescendant=""
                    aria-expanded="false"
                    aria-haspopup="listbox"
                    class="form-control form-control-select form-control-select-secondary"
                    data-testid="select-2"
                    required=""
                    role="combobox"
                    tabindex="0"
                    type="button"
                  >
                    Select an option
                  </button>
                </td>
              </tr>
            </tbody>
          </table>
        </div>
      </div>
    </div>
    <div
      aria-hidden="true"
      class="modal-footer d-flex justify-content-end"
      data-aria-hidden="true"
    >
      <button
        class="btn btn-secondary"
        type="button"
      >
        Skip for Now
      </button>
      <button
        class="btn btn-primary"
        data-testid="submit-button"
        disabled=""
        type="button"
      >
        Done
      </button>
    </div>
  </div>
</div>
`;
