// Jest Snapshot v1, https://goo.gl/fbAQLP

exports[`Data Privacy Overview should render 1`] = `
<div>
  <div
    class="settings-base-page-root data-privacy-overview-root"
  >
    <div
      aria-hidden="true"
      class="maintenance-alert-root"
      data-aria-hidden="true"
    />
    <div
      aria-hidden="true"
      class="content-header"
      data-aria-hidden="true"
    >
      <div
        class="header-text"
      >
        <div
          class="d-flex"
        >
          <h3
            class="title-text text-truncate"
          >
            <span
              class="text-truncate"
              data-tooltip="false"
              title=""
            >
              Data Control & Privacy
            </span>
          </h3>
        </div>
      </div>
      <div
        class="page-actions-container"
      />
    </div>
    <div>
      <div
        class="row"
      >
        <div
          class="col-xl-8"
        >
          <div
            class="card card-root"
          >
            <div
              class="card-body"
            >
              <div
                class="container"
              >
                <div
                  class="row justify-content-between"
                >
                  <div
                    aria-hidden="true"
                    class="col-lg-8"
                    data-aria-hidden="true"
                  >
                    <h4>
                      Retention Period
                    </h4>
                    <p
                      class="text-secondary"
                    >
                      Analytics Cloud stores event data and inactive anonymous individuals for the period specified. Known Profile data will be stored indefinitely unless it is removed from the source or requested to be deleted. Contact sales to customize retention period.
                    </p>
                  </div>
                  <div
                    class="col-lg-auto align-self-center"
                  >
                    <button
                      aria-activedescendant="18144000000"
                      aria-expanded="true"
                      aria-haspopup="listbox"
                      aria-owns="clay-id-2"
                      class="form-control form-control-select form-control-select-secondary show"
                      data-testid="data-retention-period-select-input"
                      role="combobox"
                      style=""
                      tabindex="0"
                      type="button"
                    >
                      Select an option
                    </button>
                  </div>
                </div>
                <hr
                  aria-hidden="true"
                  data-aria-hidden="true"
                />
                <div
                  aria-hidden="true"
                  class="row mt-3 justify-content-between"
                  data-aria-hidden="true"
                >
                  <div
                    class="col-lg-8"
                  >
                    <h4>
                      Request Log
                    </h4>
                    <p
                      class="text-secondary"
                    >
                      Data subjects and your organization can request access, deletion, and suppression of their data in Analytics Cloud. Some requests may take up to 7 days to complete. We will notify the requestor by email once the download is ready.
                    </p>
                  </div>
                  <div
                    class="col-lg-auto"
                  >
                    <a
                      class="button-root mb-2 btn btn-block btn-secondary"
                      href="/workspace/23/settings/data-privacy/request-log"
                    >
                      Manage
                    </a>
                    <button
                      class="button-root btn btn-block btn-secondary"
                      type="button"
                    >
                      Export Log
                    </button>
                  </div>
                </div>
                <hr
                  aria-hidden="true"
                  data-aria-hidden="true"
                />
                <div
                  aria-hidden="true"
                  class="row mt-3 justify-content-between"
                  data-aria-hidden="true"
                >
                  <div
                    class="col-lg-8"
                  >
                    <h4>
                      Suppressed Users
                    </h4>
                    <p
                      class="text-secondary"
                    >
                      Suppressed data subjects will be excluded in further identity resolution activity. Deleted data subjects will automatically be suppressed by their user ID and their identity will not be resolvable.
                    </p>
                  </div>
                  <div
                    class="col-lg-auto"
                  >
                    <a
                      class="button-root mb-2 btn btn-block btn-secondary"
                      href="/workspace/23/settings/data-privacy/suppressed-users"
                    >
                      Manage
                    </a>
                    <button
                      class="button-root btn btn-block btn-secondary"
                      data-testid="export-suppressed-user-button"
                      type="button"
                    >
                      Export List
                    </button>
                  </div>
                </div>
              </div>
            </div>
          </div>
        </div>
      </div>
    </div>
  </div>
</div>
`;
