// Jest Snapshot v1, https://goo.gl/fbAQLP

exports[`AttributeConjunctionInput should render 1`] = `
<div>
  <div
    class="form-group-item form-group-item-shrink"
  >
    <button
      aria-activedescendant="1"
      aria-expanded="true"
      aria-haspopup="listbox"
      aria-owns="clay-id-2"
      class="form-control form-control-select form-control-select-secondary attribute-input show"
      role="combobox"
      style=""
      tabindex="0"
      type="button"
    >
      displayName-1
    </button>
  </div>
  <div
    aria-hidden="true"
    class="form-group-item form-group-item-shrink"
    data-aria-hidden="true"
  >
    <button
      aria-activedescendant=""
      aria-expanded="false"
      aria-haspopup="listbox"
      class="form-control form-control-select form-control-select-secondary operator-input"
      role="combobox"
      tabindex="0"
      type="button"
    />
  </div>
  <div
    aria-hidden="true"
    class="form-group-item form-group-item-shrink"
    data-aria-hidden="true"
  >
    <input
      class="input-root form-control"
      data-testid="attribute-value-string-input"
      type="text"
      value="test value"
    />
  </div>
</div>
`;
