// Jest Snapshot v1, https://goo.gl/fbAQLP

exports[`OperatorSelect should render 1`] = `
<div>
  <div
    class="form-group-item form-group-item-shrink"
  >
    <button
      aria-activedescendant="gt"
      aria-expanded="true"
      aria-haspopup="listbox"
      aria-owns="clay-id-2"
      class="form-control form-control-select form-control-select-secondary operator-input show"
      role="combobox"
      style=""
      tabindex="0"
      type="button"
    >
      Select an option
    </button>
  </div>
</div>
`;
