// Jest Snapshot v1, https://goo.gl/fbAQLP

exports[`ValueInput should render 1`] = `
<div>
  <button
    aria-activedescendant="true"
    aria-expanded="true"
    aria-haspopup="listbox"
    aria-owns="clay-id-2"
    class="form-control form-control-select form-control-select-secondary boolean-input show"
    data-testid="attribute-value-boolean-input"
    role="combobox"
    style=""
    tabindex="0"
    type="button"
  >
    Select an option
  </button>
</div>
`;
