// Jest Snapshot v1, https://goo.gl/fbAQLP

exports[`DateFilterConjunctionInput should render 1`] = `
<div>
  <div
    class="form-group-item form-group-item-shrink"
  >
    <button
      aria-activedescendant="ever"
      aria-expanded="true"
      aria-haspopup="listbox"
      aria-owns="clay-id-2"
      class="form-control form-control-select form-control-select-secondary conjunction-input show"
      data-testid="conjunction-input"
      role="combobox"
      style=""
      tabindex="0"
      type="button"
    >
      ever
    </button>
  </div>
  <div
    aria-hidden="true"
    class="form-group-item form-group-item-shrink"
    data-aria-hidden="true"
  />
</div>
`;
