// Jest Snapshot v1, https://goo.gl/fbAQLP

exports[`TimePeriodInput should render 1`] = `
<div>
  <button
    aria-activedescendant="last7Days"
    aria-expanded="true"
    aria-haspopup="listbox"
    aria-owns="clay-id-2"
    class="form-control form-control-select form-control-select-secondary operator-input show"
    data-testid="clay-select"
    role="combobox"
    style=""
    tabindex="0"
    type="button"
  >
    Last 7 days
  </button>
</div>
`;
