// Jest Snapshot v1, https://goo.gl/fbAQLP

exports[`Sites Dashboard InterestDetails render 1`] = `
<div>
  <div
    class="sites-dashboard-interest-details-root"
  >
    <div
      class="row"
    >
      <div
        class="col-xl-12"
      >
        <div
          class="back-button-root mb-2"
        >
          <a
            class="btn btn-outline-borderless btn-outline-secondary"
            href="/workspace/123/456/sites/interests?rangeKey=30"
          >
            <svg
              class="lexicon-icon lexicon-icon-angle-left-small icon-root mr-2"
              role="presentation"
            >
              <use
                xlink:href="#angle-left-small"
              />
            </svg>
            Back to Interests
          </a>
        </div>
        <div
          class="card card-root sites-interest-details-root page-display"
        >
          <div
            class="card-header align-items-center d-flex justify-content-between"
          >
            <h5
              class="card-title"
            >
              Pages Containing - 
              <span
                class="interest-title"
              >
                "undefined"
              </span>
            </h5>
          </div>
          <div
            class="d-flex flex-column flex-grow-1 justify-content-between"
          >
            <div
              class="toolbar-root"
            >
              <nav
                class="navbar navbar-root management-bar management-bar-light navbar-expand"
              >
                <div
                  class="container-fluid"
                >
                  <ul
                    class="nav-root front-nav navbar-nav"
                    role="tablist"
                  />
                  <div
                    class="navbar-form navbar-form-autofit"
                  >
                    <div
                      class="input-group search"
                    >
                      <div
                        class="input-group-item"
                      >
                        <input
                          class="input-root form-control input-group-inset input-group-inset-after"
                          placeholder="Search"
                          type="text"
                          value=""
                        />
                        <div
                          class="input-group-inset-item input-group-inset-item-after"
                        >
                          <button
                            aria-label="Search"
                            class="button-root btn btn-unstyled"
                            type="button"
                          >
                            <svg
                              class="lexicon-icon lexicon-icon-search icon-root"
                              role="presentation"
                            >
                              <use
                                xlink:href="#search"
                              />
                            </svg>
                          </button>
                        </div>
                      </div>
                    </div>
                  </div>
                  <span
                    aria-hidden="true"
                    class="loading-root loading-animation"
                  />
                </div>
              </nav>
            </div>
            <span
              aria-hidden="true"
              class="loading-root center loading-animation"
            />
          </div>
        </div>
      </div>
    </div>
  </div>
</div>
`;
