// Jest Snapshot v1, https://goo.gl/fbAQLP

exports[`Sites Dashboard Overview render 1`] = `
<div>
  <div
    class="sites-dashboard-overview-root overview-root"
  >
    <div
      aria-hidden="true"
      class="row"
      data-aria-hidden="true"
    >
      <div
        class="col-xl-12"
      >
        <div
          class="card card-root analytics-metrics-card"
          style="min-height: 605px;"
        >
          <div
            class="card-header align-items-center d-flex justify-content-between"
          >
            <h5
              class="card-title"
            >
              Test Channel Activities
            </h5>
            <div
              class="d-flex"
            >
              <div
                class="interval-selector-root mr-3 btn-group"
                role="group"
              >
                <button
                  class="button-root interval-option text-uppercase active btn btn-sm btn-secondary"
                  type="button"
                >
                  D
                </button>
                <button
                  class="button-root interval-option text-uppercase btn btn-sm btn-secondary"
                  type="button"
                >
                  W
                </button>
                <button
                  class="button-root interval-option text-uppercase btn btn-sm btn-secondary"
                  type="button"
                >
                  M
                </button>
              </div>
              <span
                aria-hidden="true"
                class="loading-root loading-animation"
              />
            </div>
          </div>
          <div
            class="card-body analytics-metrics"
          >
            <span
              aria-hidden="true"
              class="loading-root spacer loading-animation"
            />
            <span
              aria-hidden="true"
              class="loading-root center loading-animation"
            />
          </div>
        </div>
      </div>
    </div>
    <div
      aria-hidden="true"
      class="row"
      data-aria-hidden="true"
    >
      <div
        class="col-xl-6"
      >
        <div
          class="card card-root top-pages-card-root table-tabs-root"
        >
          <div
            class="card-header align-items-center d-flex justify-content-between"
          >
            <h5
              class="card-title"
            >
              Top Pages
            </h5>
            <span
              aria-hidden="true"
              class="loading-root loading-animation"
            />
          </div>
          <div
            class="card-body w-100 d-flex flex-column flex-grow-1 no-padding"
          >
            <ul
              class="card-tabs-root"
            >
              <li
                class="card-tab active"
                data-testid="visitorsMetric"
              >
                <button
                  class="button-root btn btn-unstyled"
                  type="button"
                >
                  <span
                    class="title"
                  >
                    Visited Pages
                  </span>
                  <div />
                </button>
              </li>
              <li
                class="card-tab"
                data-testid="entrancesMetric"
              >
                <button
                  class="button-root btn btn-unstyled"
                  type="button"
                >
                  <span
                    class="title"
                  >
                    Entrance Pages
                  </span>
                  <div />
                </button>
              </li>
              <li
                class="card-tab"
                data-testid="exitRateMetric"
              >
                <button
                  class="button-root btn btn-unstyled"
                  type="button"
                >
                  <span
                    class="title"
                  >
                    Exit Pages
                  </span>
                  <div />
                </button>
              </li>
            </ul>
            <span
              aria-hidden="true"
              class="loading-root center loading-animation"
            />
          </div>
          <div
            class="card-footer"
          >
            <a
              class="button-root btn btn-outline-borderless btn-sm btn-outline-secondary"
              href="/workspace/23/123123/sites/pages?rangeKey=30"
            >
              View Pages
              <svg
                class="lexicon-icon lexicon-icon-angle-right-small icon-root ml-2"
                role="presentation"
              >
                <use
                  xlink:href="#angle-right-small"
                />
              </svg>
            </a>
          </div>
        </div>
      </div>
      <div
        class="col-xl-6"
      >
        <div
          class="card card-root acquisitions-card-root table-tabs-root"
        >
          <div
            class="card-header align-items-center d-flex justify-content-between"
          >
            <h5
              class="card-title"
            >
              Acquisitions
            </h5>
            <span
              aria-hidden="true"
              class="loading-root loading-animation"
            />
          </div>
          <div
            class="card-body w-100 d-flex flex-column flex-grow-1 no-padding"
          >
            <ul
              class="card-tabs-root"
            >
              <li
                class="card-tab active"
                data-testid="CHANNEL"
              >
                <button
                  class="button-root btn btn-unstyled"
                  type="button"
                >
                  <span
                    class="title"
                  >
                    Channels
                  </span>
                  <div />
                </button>
              </li>
              <li
                class="card-tab"
                data-testid="SOURCE_MEDIUM"
              >
                <button
                  class="button-root btn btn-unstyled"
                  type="button"
                >
                  <span
                    class="title"
                  >
                    Source | Medium
                  </span>
                  <div />
                </button>
              </li>
              <li
                class="card-tab"
                data-testid="REFERRER"
              >
                <button
                  class="button-root btn btn-unstyled"
                  type="button"
                >
                  <span
                    class="title"
                  >
                    Referrers
                  </span>
                  <div />
                </button>
              </li>
            </ul>
            <span
              aria-hidden="true"
              class="loading-root center loading-animation"
            />
          </div>
        </div>
      </div>
    </div>
    <div
      aria-hidden="true"
      class="row"
      data-aria-hidden="true"
    >
      <div
        class="col-xl-4"
      >
        <div
          class="card card-root visitors-by-time-card"
        >
          <div
            class="card-header align-items-center d-flex justify-content-between"
          >
            <h5
              class="card-title"
            >
              Visitors by Day and Time
            </h5>
            <span
              aria-hidden="true"
              class="loading-root loading-animation"
            />
          </div>
          <div
            class="card-body"
          >
            <span
              aria-hidden="true"
              class="loading-root center loading-animation"
            />
          </div>
        </div>
      </div>
      <div
        class="col-xl-4"
      >
        <div
          class="card card-root search-terms-card-root"
        >
          <div
            class="card-header align-items-center d-flex justify-content-between"
          >
            <h5
              class="card-title"
            >
              Search Terms
            </h5>
            <span
              aria-hidden="true"
              class="loading-root loading-animation"
            />
          </div>
          <div
            class="table-responsive table-root flex-grow-1"
          >
            <table
              class="table table-autofit table-hover table-heading-nowrap table-nowrap table-row-no-bordered"
            >
              <thead>
                <tr>
                  <th
                    class="table-head-title table-cell-expand"
                  >
                    Search Query | Searches
                  </th>
                  <th
                    class="table-head-title table-column-text-end"
                  >
                    % of Searches
                  </th>
                </tr>
              </thead>
            </table>
            <div
              class="loading-root overlay"
            >
              <span
                aria-hidden="true"
                class="loading-root center loading-animation"
              />
            </div>
          </div>
        </div>
      </div>
      <div
        class="col-xl-4"
      >
        <div
          class="card card-root interests-card-root"
        >
          <div
            class="card-header align-items-center d-flex justify-content-between"
          >
            <h5
              class="card-title"
            >
              Interests
            </h5>
            <span
              aria-hidden="true"
              class="loading-root loading-animation"
            />
          </div>
          <div
            class="table-responsive table-root flex-grow-1"
          >
            <table
              class="table table-autofit table-hover table-heading-nowrap table-nowrap table-row-no-bordered"
            >
              <thead>
                <tr>
                  <th
                    class="table-head-title table-cell-expand"
                  >
                    Interest Topics | Sessions
                  </th>
                  <th
                    class="table-head-title table-column-text-end"
                  >
                    % of Sessions
                  </th>
                </tr>
              </thead>
            </table>
            <div
              class="loading-root overlay"
            >
              <span
                aria-hidden="true"
                class="loading-root center loading-animation"
              />
            </div>
          </div>
          <div
            class="card-footer"
          >
            <a
              class="button-root btn btn-outline-borderless btn-sm btn-outline-secondary"
              href="/workspace/23/123123/sites/interests?rangeEnd=null&rangeKey=30&rangeStart=null"
            >
              All Interests
              <svg
                class="lexicon-icon lexicon-icon-angle-right-small icon-root ml-2"
                role="presentation"
              >
                <use
                  xlink:href="#angle-right-small"
                />
              </svg>
            </a>
          </div>
        </div>
      </div>
    </div>
    <div
      aria-hidden="true"
      class="row"
      data-aria-hidden="true"
    >
      <div
        class="col-xl-6"
      >
        <div
          class="card card-root analytics-locations-card"
          style="min-height: 536px;"
        >
          <div
            class="card-header align-items-center d-flex justify-content-between"
          >
            <h5
              class="card-title"
            >
              Sessions by Location
            </h5>
            <div
              class="d-flex"
            >
              <span
                aria-hidden="true"
                class="loading-root loading-animation"
              />
            </div>
          </div>
          <div
            class="card-body"
          >
            <span
              aria-hidden="true"
              class="loading-root center loading-animation"
            />
          </div>
        </div>
      </div>
      <div
        class="col-xl-6"
      >
        <div
          class="card card-root analytics-devices-card"
          style="min-height: 536px;"
        >
          <div
            class="card-header align-items-center d-flex justify-content-between"
          >
            <h5
              class="card-title"
            >
              Session Technology
            </h5>
            <div
              class="d-flex"
            >
              <span
                aria-hidden="true"
                class="loading-root loading-animation"
              />
            </div>
          </div>
          <div
            class="card-body"
          >
            <span
              aria-hidden="true"
              class="loading-root center loading-animation"
            />
          </div>
        </div>
      </div>
    </div>
    <div
      class="row"
    >
      <div
        class="col-xl-12"
      >
        <div
          class="card card-root cohort-analysis-card-root"
        >
          <div
            aria-hidden="true"
            class="card-header"
            data-aria-hidden="true"
          >
            <h5
              class="card-title"
            >
              Cohort Analysis
            </h5>
          </div>
          <div
            class="card-body"
          >
            <div
              class="form-group form-group-autofit"
            >
              <div
                class="form-group-item form-group-item-shrink"
              >
                <button
                  aria-activedescendant="visitors"
                  aria-expanded="true"
                  aria-haspopup="listbox"
                  aria-owns="clay-id-2"
                  class="form-control form-control-select form-control-select-secondary visitors-type-select show"
                  role="combobox"
                  style=""
                  tabindex="0"
                  type="button"
                >
                  All Visitors
                </button>
              </div>
              <div
                aria-hidden="true"
                class="form-group-item form-group-item-label form-group-item-shrink"
                data-aria-hidden="true"
              >
                Broken Down By
              </div>
              <div
                aria-hidden="true"
                class="form-group-item form-group-item-shrink"
                data-aria-hidden="true"
              >
                <button
                  aria-activedescendant=""
                  aria-expanded="false"
                  aria-haspopup="listbox"
                  class="form-control form-control-select form-control-select-secondary interval-select"
                  role="combobox"
                  tabindex="0"
                  type="button"
                >
                  Day
                </button>
              </div>
            </div>
            <span
              aria-hidden="true"
              class="loading-root center loading-animation"
              data-aria-hidden="true"
            />
          </div>
        </div>
      </div>
    </div>
  </div>
</div>
`;
