// Jest Snapshot v1, https://goo.gl/fbAQLP

exports[`CustomDateTimeInput should render 1`] = `
<div>
  <div
    class="criteria-statement"
  >
    <div
      class="form-group form-group-autofit"
    >
      <div
        aria-hidden="true"
        class="form-group-item entity-name form-group-item-label form-group-item-shrink"
        data-aria-hidden="true"
      />
      <div
        aria-hidden="true"
        class="form-group-item display-value form-group-item-label form-group-item-shrink"
        data-aria-hidden="true"
      />
      <div
        class="form-group-item operator form-group-item-shrink"
      >
        <button
          aria-activedescendant="gt"
          aria-expanded="true"
          aria-haspopup="listbox"
          aria-owns="clay-id-2"
          class="form-control form-control-select form-control-select-secondary criterion-input operator-input show"
          role="combobox"
          style=""
          tabindex="0"
          type="button"
        >
          is after
        </button>
      </div>
      <div
        aria-hidden="true"
        class="form-group-item"
        data-aria-hidden="true"
      >
        <div
          aria-haspopup="true"
          class="input-group date-input-root"
        >
          <div
            class="input-group-item"
          >
            <input
              autocomplete="off"
              class="input-root form-control input-group-inset input-group-inset-after"
              data-testid="date-input"
              placeholder="YYYY-MM-DD HH:MM ZZ"
              type="text"
              value="2020-01-17 00:00"
            />
            <div
              class="input-group-inset-item input-group-inset-item-after"
            >
              <button
                aria-label="Choose a date"
                class="button-root btn btn-unstyled"
                type="button"
              >
                <svg
                  class="lexicon-icon lexicon-icon-calendar icon-root"
                  role="presentation"
                >
                  <use
                    xlink:href="#calendar"
                  />
                </svg>
              </button>
            </div>
          </div>
        </div>
      </div>
    </div>
  </div>
</div>
`;
