// Jest Snapshot v1, https://goo.gl/fbAQLP

exports[`CustomNumberInput should render 1`] = `
<div>
  <div
    class="criteria-statement"
  >
    <div
      class="form-group form-group-autofit"
    >
      <div
        aria-hidden="true"
        class="form-group-item entity-name form-group-item-label form-group-item-shrink"
        data-aria-hidden="true"
      />
      <div
        aria-hidden="true"
        class="form-group-item display-value form-group-item-label form-group-item-shrink"
        data-aria-hidden="true"
      />
      <div
        class="form-group-item form-group-item-shrink"
      >
        <button
          aria-activedescendant="eq"
          aria-expanded="true"
          aria-haspopup="listbox"
          aria-owns="clay-id-2"
          class="form-control form-control-select form-control-select-secondary show"
          role="combobox"
          style=""
          tabindex="0"
          type="button"
        >
          is equal to
        </button>
      </div>
      <div
        aria-hidden="true"
        class="form-group-item form-group-item-shrink"
        data-aria-hidden="true"
      >
        <input
          class="input-root form-control"
          data-testid="number-input"
          type="number"
          value=""
        />
      </div>
    </div>
  </div>
</div>
`;

exports[`CustomNumberInput should render with data 1`] = `
<div>
  <div
    class="criteria-statement"
  >
    <div
      class="form-group form-group-autofit"
    >
      <div
        aria-hidden="true"
        class="form-group-item entity-name form-group-item-label form-group-item-shrink"
        data-aria-hidden="true"
      />
      <div
        aria-hidden="true"
        class="form-group-item display-value form-group-item-label form-group-item-shrink"
        data-aria-hidden="true"
      >
        Revenue
      </div>
      <div
        class="form-group-item form-group-item-shrink"
      >
        <button
          aria-activedescendant="eq"
          aria-expanded="true"
          aria-haspopup="listbox"
          aria-owns="clay-id-4"
          class="form-control form-control-select form-control-select-secondary show"
          role="combobox"
          style=""
          tabindex="0"
          type="button"
        >
          is equal to
        </button>
      </div>
      <div
        aria-hidden="true"
        class="form-group-item form-group-item-shrink"
        data-aria-hidden="true"
      >
        <input
          class="input-root form-control"
          data-testid="number-input"
          type="number"
          value="123"
        />
      </div>
    </div>
  </div>
</div>
`;
