// Jest Snapshot v1, https://goo.gl/fbAQLP

exports[`EventInput should render 1`] = `
<div>
  <div
    class="criteria-statement"
  >
    <div
      aria-hidden="true"
      class="form-group form-group-autofit"
      data-aria-hidden="true"
    >
      <div
        aria-hidden="true"
        data-aria-hidden="true"
      >
        test
      </div>
      <div
        aria-hidden="true"
        class="form-group-item entity-name form-group-item-label form-group-item-shrink"
        data-aria-hidden="true"
      >
        performed
      </div>
      <div
        aria-hidden="true"
        class="form-group-item display-value form-group-item-label form-group-item-shrink"
        data-aria-hidden="true"
      >
        <b>
          Asset Clicked
        </b>
      </div>
      <div
        aria-hidden="true"
        class="form-group-item form-group-item-shrink"
        data-aria-hidden="true"
      >
        <button
          aria-activedescendant="gt"
          aria-expanded="true"
          aria-haspopup="listbox"
          aria-owns="clay-id-2"
          class="form-control form-control-select form-control-select-secondary operator-input show"
          role="combobox"
          style=""
          tabindex="0"
          type="button"
        />
      </div>
      <div
        aria-hidden="true"
        class="form-group-item form-group-item-shrink"
        data-aria-hidden="true"
      >
        <input
          class="input-root form-control number-input"
          data-testid="occurence-count-input"
          min="0"
          type="number"
          value="1"
        />
      </div>
      <div
        aria-hidden="true"
        class="form-group-item unit form-group-item-label form-group-item-shrink"
        data-aria-hidden="true"
      >
        time(s)
      </div>
      <div
        aria-hidden="true"
        class="form-group-item form-group-item-shrink"
        data-aria-hidden="true"
      >
        <button
          aria-activedescendant="since"
          aria-expanded="true"
          aria-haspopup="listbox"
          aria-owns="clay-id-4"
          class="form-control form-control-select form-control-select-secondary conjunction-input show"
          data-testid="conjunction-input"
          role="combobox"
          style=""
          tabindex="0"
          type="button"
        >
          since
        </button>
      </div>
      <div
        aria-hidden="true"
        class="form-group-item form-group-item-shrink"
        data-aria-hidden="true"
      >
        <button
          aria-activedescendant="last24Hours"
          aria-expanded="true"
          aria-haspopup="listbox"
          aria-owns="clay-id-6"
          class="form-control form-control-select form-control-select-secondary operator-input show"
          data-testid="clay-select"
          role="combobox"
          style=""
          tabindex="0"
          type="button"
        >
          Last 24 hours
        </button>
      </div>
    </div>
    <div
      aria-hidden="true"
      class="form-group form-group-autofit"
      data-aria-hidden="true"
    >
      <div
        aria-hidden="true"
        class="form-group-item conjunction form-group-item-label form-group-item-shrink"
        data-aria-hidden="true"
      >
        where
      </div>
      <div
        class="form-group-item form-group-item-shrink"
      >
        <button
          aria-activedescendant="2"
          aria-expanded="true"
          aria-haspopup="listbox"
          aria-owns="clay-id-8"
          class="form-control form-control-select form-control-select-secondary attribute-input show"
          role="combobox"
          style=""
          tabindex="0"
          type="button"
        >
          displayName-2
        </button>
      </div>
      <div
        aria-hidden="true"
        class="form-group-item form-group-item-shrink"
        data-aria-hidden="true"
      >
        <button
          aria-activedescendant=""
          aria-expanded="false"
          aria-haspopup="listbox"
          class="form-control form-control-select form-control-select-secondary operator-input"
          role="combobox"
          tabindex="0"
          type="button"
        />
      </div>
      <div
        aria-hidden="true"
        class="form-group-item form-group-item-shrink"
        data-aria-hidden="true"
      >
        <input
          class="input-root form-control"
          data-testid="attribute-value-string-input"
          type="text"
          value=""
        />
      </div>
    </div>
  </div>
</div>
`;
