// Jest Snapshot v1, https://goo.gl/fbAQLP

exports[`AccessTokenList should display the "Generate Token" card  above the table if the token is expired 1`] = `
<div
  class="table-responsive table-root flex-grow-1 mb-0"
>
  <table
    class="table table-autofit table-hover table-heading-nowrap table-nowrap"
  >
    <thead>
      <tr>
        <th
          class="table-head-title"
        >
          Token
        </th>
        <th
          class="table-head-title"
        >
          Date Created
        </th>
        <th
          class="table-head-title"
        >
          Expiration
        </th>
        <th />
      </tr>
    </thead>
    <tbody
      class="mb-0"
    >
      <tr
        class=""
      >
        <td
          class=""
        >
          <span
            class="text-secondary mr-1"
          >
            Token ending in
          </span>
          <strong
            class="font-weight-bold"
          >
            4ABC
          </strong>
          <div
            class="label label-root ml-2 label-danger label-lg label-uppercase"
          >
            <span
              class="label-item"
            >
              Expired
            </span>
          </div>
        </td>
        <td>
          Jul 10, 2018
        </td>
        <td>
          Jul 09, 2018
        </td>
        <td
          class="row-inline-actions"
        >
          <span />
        </td>
      </tr>
    </tbody>
  </table>
</div>
`;

exports[`AccessTokenList should render 1`] = `
<div>
  <div
    class="settings-base-page-root access-token-list-root"
  >
    <div
      class="maintenance-alert-root"
    />
    <div
      class="content-header"
    >
      <div
        class="header-text"
      >
        <div
          class="d-flex"
        >
          <h3
            class="title-text text-truncate"
          >
            <span
              class="text-truncate"
              data-tooltip="false"
              title=""
            >
              Access Tokens
            </span>
          </h3>
        </div>
        <div
          class="description"
        >
          Access this workspace's data via API using an access token. A full list of endpoints is available in the 
          <a
            href="https://learn.liferay.com/analytics-cloud/latest/en/apis.html"
            target="_blank"
          >
            documentation
          </a>
          .
        </div>
      </div>
      <div
        class="page-actions-container"
      />
    </div>
    <div>
      <div
        class="col-xl-8 pl-0"
      >
        <div
          class="card card-root"
        >
          <div
            class="card-body"
          >
            <div
              class="align-items-start d-flex flex-column justify-content-between"
            >
              <h4
                class="mb-4"
              >
                Token Information
              </h4>
              <h5>
                Root Endpoint:
              </h5>
              <span
                class="text-secondary"
              >
                http://liferay.com/api/reports
              </span>
            </div>
          </div>
          <div
            class="table-responsive table-root flex-grow-1 mb-0"
          >
            <table
              class="table table-autofit table-hover table-heading-nowrap table-nowrap"
            >
              <thead>
                <tr>
                  <th
                    class="table-head-title"
                  >
                    Token
                  </th>
                  <th
                    class="table-head-title"
                  >
                    Date Created
                  </th>
                  <th
                    class="table-head-title"
                  >
                    Expiration
                  </th>
                  <th />
                </tr>
              </thead>
              <tbody
                class="mb-0"
              >
                <tr
                  class=""
                >
                  <td
                    class=""
                  >
                    <span
                      class="text-secondary mr-1"
                    >
                      Token ending in
                    </span>
                    <strong
                      class="font-weight-bold"
                    >
                      4ABC
                    </strong>
                  </td>
                  <td>
                    Jul 10, 2018
                  </td>
                  <td>
                    Aug 09, 2018
                  </td>
                  <td
                    class="row-inline-actions"
                  >
                    <span>
                      <button
                        aria-label="Click to Copy"
                        class="button-root btn btn-secondary"
                        data-clipboard-text="1234ABC"
                        data-tooltip-response="Copied"
                        title="Click to Copy"
                        type="button"
                      >
                        <svg
                          class="lexicon-icon lexicon-icon-copy icon-root"
                          role="presentation"
                        >
                          <use
                            xlink:href="#copy"
                          />
                        </svg>
                      </button>
                      <button
                        class="button-root btn btn-secondary"
                        type="button"
                      >
                        Revoke
                      </button>
                    </span>
                  </td>
                </tr>
              </tbody>
            </table>
          </div>
        </div>
      </div>
    </div>
  </div>
</div>
`;

exports[`AccessTokenList should render indefinite on expiration date column when generated token is indefinite 1`] = `
<td>
  Indefinite
</td>
`;

exports[`AccessTokenList should render the correct date on expiration date column when generated token is 1 year 1`] = `
<td>
  May 12, 2024
</td>
`;

exports[`AccessTokenList should render the correct date on expiration date column when generated token is 6 months 1`] = `
<td>
  Nov 12, 2023
</td>
`;

exports[`AccessTokenList should render the correct date on expiration date column when generated token is 30 days 1`] = `
<td>
  Jun 12, 2023
</td>
`;

exports[`AccessTokenList should show the generated token in a list and the "Generate Token" button should no longer be visible 1`] = `
<div
  class="table-responsive table-root flex-grow-1 mb-0"
>
  <table
    class="table table-autofit table-hover table-heading-nowrap table-nowrap"
  >
    <thead>
      <tr>
        <th
          class="table-head-title"
        >
          Token
        </th>
        <th
          class="table-head-title"
        >
          Date Created
        </th>
        <th
          class="table-head-title"
        >
          Expiration
        </th>
        <th />
      </tr>
    </thead>
    <tbody
      class="mb-0"
    >
      <tr
        class=""
      >
        <td
          class=""
        >
          <span
            class="text-secondary mr-1"
          >
            Token ending in
          </span>
          <strong
            class="font-weight-bold"
          >
            4ABC
          </strong>
        </td>
        <td>
          Jul 10, 2018
        </td>
        <td>
          Aug 09, 2018
        </td>
        <td
          class="row-inline-actions"
        >
          <span>
            <button
              aria-label="Click to Copy"
              class="button-root btn btn-secondary"
              data-clipboard-text="1234ABC"
              data-tooltip-response="Copied"
              title="Click to Copy"
              type="button"
            >
              <svg
                class="lexicon-icon lexicon-icon-copy icon-root"
                role="presentation"
              >
                <use
                  xlink:href="#copy"
                />
              </svg>
            </button>
            <button
              class="button-root btn btn-secondary"
              type="button"
            >
              Revoke
            </button>
          </span>
        </td>
      </tr>
    </tbody>
  </table>
</div>
`;
