{
	"pageElement": {
		"pageElements": [
			{
				"definition": {
					"customCSS": ".[$FRAGMENT_CLASS$] { color: blue; }",
					"customCSSViewports": [
						{
							"customCSS": ".[$FRAGMENT_CLASS$] { color: red; }",
							"id": "landscapeMobile"
						},
						{
							"customCSS": ".[$FRAGMENT_CLASS$] { color: pink; }",
							"id": "portraitMobile"
						},
						{
							"customCSS": ".[$FRAGMENT_CLASS$] { color: aquamarine; }",
							"id": "tablet"
						}
					],
					"fragmentStyle": {
						"backgroundColor": "",
						"borderRadius": "rounded-0",
						"borderWidth": "0",
						"fontFamily": "sans-serif",
						"fontSize": "medium",
						"fontWeight": "font-weight-normal",
						"height": "h-auto",
						"maxHeight": "none",
						"maxWidth": "none",
						"minHeight": "auto",
						"minWidth": "auto",
						"overflow": "visible",
						"shadow": "shadow-none",
						"textAlign": "none",
						"width": "w-auto"
					},
					"indexed": true,
					"layout": {
						"shadow": "None"
					}
				},
				"type": "Section"
			}
		],
		"type": "Root"
	},
	"settings": {
		"colorSchemeName": "01",
		"themeName": "Classic"
	},
	"version": 1.1
}