// Jest Snapshot v1, https://goo.gl/fbAQLP

exports[`TabsCard should render 1`] = `
<div>
  <div
    class="card card-root page-display"
  >
    <nav
      class="my-3 navbar navbar-collapse-relative navbar-expand-md navbar-underline navigation-bar navigation-bar-light"
    >
      <div
        class="container-fluid container-fluid-max-xl"
      >
        <button
          aria-expanded="false"
          class="navbar-toggler navbar-toggler-link collapsed btn btn-unstyled"
          type="button"
        >
          <span
            class="navbar-text-truncate"
          />
          <svg
            class="lexicon-icon lexicon-icon-caret-bottom"
            role="presentation"
          >
            <use
              xlink:href="#caret-bottom"
            />
          </svg>
        </button>
        <div
          class="navbar-collapse collapse"
        >
          <div
            class="container-fluid container-fluid-max-xl"
          >
            <ul
              class="navbar-nav"
            >
              <li
                class="nav-item"
              >
                <a
                  class="nav-link"
                  href="/workspace/23/settings/definitions/events/default"
                >
                  <span
                    class="navbar-text-truncate"
                  >
                    Default Events
                  </span>
                </a>
              </li>
              <li
                class="nav-item"
              >
                <a
                  class="nav-link"
                  href="/workspace/23/settings/definitions/events/custom"
                >
                  <span
                    class="navbar-text-truncate"
                  >
                    Custom Events
                  </span>
                </a>
              </li>
            </ul>
          </div>
        </div>
      </div>
    </nav>
  </div>
</div>
`;
