// Jest Snapshot v1, https://goo.gl/fbAQLP

exports[`CriteriaBuilder renders 1`] = `
<DocumentFragment>
  <div
    class="criteria-builder-root"
  >
    <h3
      class="sheet-subtitle"
    >
      x-with-property-x
    </h3>
    <div
      class="color--user criteria-group-item-root"
    >
      <div
        class="empty-drop-zone p-6 rounded border-secondary-light empty-drop-zone--dashed"
      />
    </div>
  </div>
</DocumentFragment>
`;
