// Jest Snapshot v1, https://goo.gl/fbAQLP

exports[`UserRoutes should render 1`] = `
<div>
  <div
    class="settings-base-page-root user-list-page-root"
  >
    <div
      class="maintenance-alert-root"
    />
    <div
      class="content-header"
    >
      <div
        class="header-text"
      >
        <div
          class="d-flex"
        >
          <h3
            class="title-text text-truncate"
          >
            <span
              class="text-truncate"
              data-tooltip="false"
              title=""
            >
              User Management
            </span>
          </h3>
        </div>
        <div
          class="description"
        >
          Invite new users to Analytics Cloud and/or configure existing users.
        </div>
      </div>
      <div
        class="page-actions-container"
      />
    </div>
    <div>
      <div
        class="card card-root page-display"
      >
        <nav
          class="page-subnav mx-4 my-3 navbar navbar-collapse-relative navbar-expand-md navbar-underline navigation-bar navigation-bar-light"
        >
          <div
            class="container-fluid container-fluid-max-xl"
          >
            <button
              aria-expanded="false"
              class="navbar-toggler navbar-toggler-link collapsed btn btn-unstyled"
              type="button"
            >
              <span
                class="navbar-text-truncate"
              />
              <svg
                class="lexicon-icon lexicon-icon-caret-bottom"
                role="presentation"
              >
                <use
                  xlink:href="#caret-bottom"
                />
              </svg>
            </button>
            <div
              class="navbar-collapse collapse"
            >
              <div
                class="container-fluid container-fluid-max-xl"
              >
                <ul
                  class="navbar-nav"
                >
                  <li
                    class="nav-item"
                  >
                    <a
                      class="nav-link"
                      href="/workspace/23/settings/users"
                    >
                      <span
                        class="navbar-text-truncate"
                      >
                        Manage Users
                      </span>
                    </a>
                  </li>
                  <li
                    class="nav-item"
                  >
                    <a
                      class="nav-link"
                      href="/workspace/23/settings/users/requests"
                    >
                      <span
                        class="navbar-text-truncate"
                      >
                        Requests
                      </span>
                    </a>
                  </li>
                </ul>
              </div>
            </div>
          </div>
        </nav>
      </div>
    </div>
  </div>
</div>
`;
