// Jest Snapshot v1, https://goo.gl/fbAQLP

exports[`Pagination should render 1`] = `
<div>
  <ul
    class="pagination pagination-root"
  >
    <li
      class="page-item disabled"
    >
      <a
        class="button-root btn btn-unstyled page-link"
        disabled=""
        href="/?page=0"
      >
        <svg
          class="lexicon-icon lexicon-icon-angle-left-small icon-root"
          role="presentation"
        >
          <use
            xlink:href="#angle-left-small"
          />
        </svg>
      </a>
    </li>
    <li
      class="page-item active"
    >
      <a
        class="button-root btn btn-unstyled page-link"
        href="/?page=1"
      >
        1
      </a>
    </li>
    <li
      class="page-item disabled"
    >
      <a
        class="button-root btn btn-unstyled page-link"
        disabled=""
        href="/?page=2"
      >
        <svg
          class="lexicon-icon lexicon-icon-angle-right-small icon-root"
          role="presentation"
        >
          <use
            xlink:href="#angle-right-small"
          />
        </svg>
      </a>
    </li>
  </ul>
</div>
`;

exports[`Pagination should render a lot of pages with a middle page active 1`] = `
<div>
  <ul
    class="pagination pagination-root"
  >
    <li
      class="page-item"
    >
      <a
        class="button-root btn btn-unstyled page-link"
        href="/?page=49"
      >
        <svg
          class="lexicon-icon lexicon-icon-angle-left-small icon-root"
          role="presentation"
        >
          <use
            xlink:href="#angle-left-small"
          />
        </svg>
      </a>
    </li>
    <li
      class="page-item"
    >
      <a
        class="button-root btn btn-unstyled page-link"
        href="/?page=1"
      >
        1
      </a>
    </li>
    <li
      class="page-item"
    >
      <div
        class="dropdown dropdown-root"
      >
        <button
          aria-controls="clay-dropdown-menu-2"
          aria-expanded="false"
          aria-haspopup="true"
          aria-label="See more"
          class="dropdown-toggle page-link btn btn-unstyled"
          type="button"
        >
          ...
        </button>
      </div>
    </li>
    <li
      class="page-item"
    >
      <a
        class="button-root btn btn-unstyled page-link"
        href="/?page=48"
      >
        48
      </a>
    </li>
    <li
      class="page-item"
    >
      <a
        class="button-root btn btn-unstyled page-link"
        href="/?page=49"
      >
        49
      </a>
    </li>
    <li
      class="page-item active"
    >
      <a
        class="button-root btn btn-unstyled page-link"
        href="/?page=50"
      >
        50
      </a>
    </li>
    <li
      class="page-item"
    >
      <a
        class="button-root btn btn-unstyled page-link"
        href="/?page=51"
      >
        51
      </a>
    </li>
    <li
      class="page-item"
    >
      <a
        class="button-root btn btn-unstyled page-link"
        href="/?page=52"
      >
        52
      </a>
    </li>
    <li
      class="page-item"
    >
      <div
        class="dropdown dropdown-root"
      >
        <button
          aria-controls="clay-dropdown-menu-3"
          aria-expanded="false"
          aria-haspopup="true"
          aria-label="See more"
          class="dropdown-toggle page-link btn btn-unstyled"
          type="button"
        >
          ...
        </button>
      </div>
    </li>
    <li
      class="page-item"
    >
      <a
        class="button-root btn btn-unstyled page-link"
        href="/?page=100"
      >
        100
      </a>
    </li>
    <li
      class="page-item"
    >
      <a
        class="button-root btn btn-unstyled page-link"
        href="/?page=51"
      >
        <svg
          class="lexicon-icon lexicon-icon-angle-right-small icon-root"
          role="presentation"
        >
          <use
            xlink:href="#angle-right-small"
          />
        </svg>
      </a>
    </li>
  </ul>
</div>
`;

exports[`Pagination should render a lot of pages with the end page active 1`] = `
<div>
  <ul
    class="pagination pagination-root"
  >
    <li
      class="page-item"
    >
      <a
        class="button-root btn btn-unstyled page-link"
        href="/?page=99"
      >
        <svg
          class="lexicon-icon lexicon-icon-angle-left-small icon-root"
          role="presentation"
        >
          <use
            xlink:href="#angle-left-small"
          />
        </svg>
      </a>
    </li>
    <li
      class="page-item"
    >
      <a
        class="button-root btn btn-unstyled page-link"
        href="/?page=1"
      >
        1
      </a>
    </li>
    <li
      class="page-item"
    >
      <div
        class="dropdown dropdown-root"
      >
        <button
          aria-controls="clay-dropdown-menu-4"
          aria-expanded="false"
          aria-haspopup="true"
          aria-label="See more"
          class="dropdown-toggle page-link btn btn-unstyled"
          type="button"
        >
          ...
        </button>
      </div>
    </li>
    <li
      class="page-item"
    >
      <a
        class="button-root btn btn-unstyled page-link"
        href="/?page=98"
      >
        98
      </a>
    </li>
    <li
      class="page-item"
    >
      <a
        class="button-root btn btn-unstyled page-link"
        href="/?page=99"
      >
        99
      </a>
    </li>
    <li
      class="page-item active"
    >
      <a
        class="button-root btn btn-unstyled page-link"
        href="/?page=100"
      >
        100
      </a>
    </li>
    <li
      class="page-item disabled"
    >
      <a
        class="button-root btn btn-unstyled page-link"
        disabled=""
        href="/?page=101"
      >
        <svg
          class="lexicon-icon lexicon-icon-angle-right-small icon-root"
          role="presentation"
        >
          <use
            xlink:href="#angle-right-small"
          />
        </svg>
      </a>
    </li>
  </ul>
</div>
`;

exports[`Pagination should render with a lot of pages 1`] = `
<div>
  <ul
    class="pagination pagination-root"
  >
    <li
      class="page-item disabled"
    >
      <a
        class="button-root btn btn-unstyled page-link"
        disabled=""
        href="/?page=0"
      >
        <svg
          class="lexicon-icon lexicon-icon-angle-left-small icon-root"
          role="presentation"
        >
          <use
            xlink:href="#angle-left-small"
          />
        </svg>
      </a>
    </li>
    <li
      class="page-item active"
    >
      <a
        class="button-root btn btn-unstyled page-link"
        href="/?page=1"
      >
        1
      </a>
    </li>
    <li
      class="page-item"
    >
      <a
        class="button-root btn btn-unstyled page-link"
        href="/?page=2"
      >
        2
      </a>
    </li>
    <li
      class="page-item"
    >
      <a
        class="button-root btn btn-unstyled page-link"
        href="/?page=3"
      >
        3
      </a>
    </li>
    <li
      class="page-item"
    >
      <div
        class="dropdown dropdown-root"
      >
        <button
          aria-controls="clay-dropdown-menu-1"
          aria-expanded="false"
          aria-haspopup="true"
          aria-label="See more"
          class="dropdown-toggle page-link btn btn-unstyled"
          type="button"
        >
          ...
        </button>
      </div>
    </li>
    <li
      class="page-item"
    >
      <a
        class="button-root btn btn-unstyled page-link"
        href="/?page=100"
      >
        100
      </a>
    </li>
    <li
      class="page-item"
    >
      <a
        class="button-root btn btn-unstyled page-link"
        href="/?page=2"
      >
        <svg
          class="lexicon-icon lexicon-icon-angle-right-small icon-root"
          role="presentation"
        >
          <use
            xlink:href="#angle-right-small"
          />
        </svg>
      </a>
    </li>
  </ul>
</div>
`;

exports[`Pagination should render with buttons if passed an onChange handler 1`] = `
<div>
  <ul
    class="pagination pagination-root"
  >
    <li
      class="page-item disabled"
    >
      <button
        class="button-root btn btn-unstyled page-link btn btn-primary"
        disabled=""
        href=""
        type="button"
      >
        <svg
          class="lexicon-icon lexicon-icon-angle-left-small icon-root"
          role="presentation"
        >
          <use
            xlink:href="#angle-left-small"
          />
        </svg>
      </button>
    </li>
    <li
      class="page-item active"
    >
      <button
        class="button-root btn btn-unstyled page-link btn btn-primary"
        href=""
        type="button"
      >
        1
      </button>
    </li>
    <li
      class="page-item disabled"
    >
      <button
        class="button-root btn btn-unstyled page-link btn btn-primary"
        disabled=""
        href=""
        type="button"
      >
        <svg
          class="lexicon-icon lexicon-icon-angle-right-small icon-root"
          role="presentation"
        >
          <use
            xlink:href="#angle-right-small"
          />
        </svg>
      </button>
    </li>
  </ul>
</div>
`;
