{
	"pageElement": {
		"pageElements": [
			{
				"definition": {
					"fragment": {
						"key": "test-action-fragment",
						"siteKey": "£{SITE_KEY}"
					},
					"fragmentConfig": {
					},
					"fragmentFields": [
						{
							"id": "action",
							"value": {
								"action": {
									"mapping": {
										"fieldKey": "£{ACTION_NAME}",
										"itemReference": {
											"className": "£{CLASS_NAME}",
											"classPK": "${CLASS_PK}"
										}
									}
								},
								"onError": {
									"type": "URL",
									"value": {
										"url": {
											"value_i18n": {
												"en_US": "http://example.com/en/error",
												"es_ES": "http://example.com/es/error"
											}
										}
									}
								},
								"onSuccess": {
									"type": "URL",
									"value": {
										"url": {
											"value_i18n": {
												"en_US": "http://example.com/en/success",
												"es_ES": "http://example.com/es/success"
											}
										}
									}
								}
							}
						}
					],
					"indexed": true
				},
				"type": "Fragment"
			}
		],
		"type": "Root"
	},
	"settings": {
		"colorSchemeName": "01",
		"themeName": "Classic"
	},
	"version": 1.1
}