// Jest Snapshot v1, https://goo.gl/fbAQLP

exports[`Label should render 1`] = `
<div>
  <span
    class="label label-secondary label-dismissible label-lg"
  >
    <span
      class="label-item label-item-expand"
    >
      Label
    </span>
    <span
      class="label-item label-item-after"
    >
      <button
        aria-label="Close"
        class="button-root close btn btn-unstyled"
        type="button"
      >
        <svg
          class="lexicon-icon lexicon-icon-icon-root times"
          role="presentation"
        >
          <use
            xlink:href="#icon-root times"
          />
        </svg>
      </button>
    </span>
  </span>
</div>
`;
