// Jest Snapshot v1, https://goo.gl/fbAQLP

exports[`SearchableTableModalGraphql should render 1`] = `
<div>
  <div
    aria-modal="true"
    class="modal-dialog modal-lg"
    role="dialog"
  >
    <div
      class="modal-content"
    >
      <div
        class="modal-header"
      >
        <h4
          class="modal-title"
        >
          Select Items
        </h4>
        <button
          aria-label="Close"
          class="button-root close btn btn-secondary"
          type="button"
        >
          <svg
            class="lexicon-icon lexicon-icon-times icon-root"
            role="presentation"
          >
            <use
              xlink:href="#times"
            />
          </svg>
        </button>
      </div>
      <div
        class="modal-body"
      >
        <div
          class="text-secondary"
        />
      </div>
      <div
        class="toolbar-root"
      >
        <nav
          class="navbar navbar-root management-bar management-bar-light navbar-expand"
        >
          <div
            class="container-fluid"
          >
            <ul
              class="nav-root front-nav navbar-nav"
              role="tablist"
            >
              <li
                class="nav-item"
                role="presentation"
              >
                <div
                  class="custom-control custom-checkbox"
                >
                  <label>
                    <input
                      class="custom-control-input"
                      data-testid="select-all-checkbox"
                      type="checkbox"
                      value="false"
                    />
                    <span
                      class="custom-control-label"
                    />
                  </label>
                </div>
              </li>
              <li
                class="nav-item"
                role="presentation"
              >
                <button
                  aria-label="Ascending"
                  class="btn-root nav-link nav-link-monospaced btn btn-outline-borderless btn-outline-unstyled"
                  type="button"
                >
                  <svg
                    class="lexicon-icon lexicon-icon-order-arrow-ascending icon-root"
                    role="presentation"
                  >
                    <use
                      xlink:href="#order-arrow-ascending"
                    />
                  </svg>
                </button>
              </li>
            </ul>
            <div
              class="navbar-form navbar-form-autofit"
            >
              <div
                class="input-group search"
              >
                <div
                  class="input-group-item"
                >
                  <input
                    class="input-root form-control input-group-inset input-group-inset-after"
                    placeholder="Search"
                    type="text"
                    value=""
                  />
                  <div
                    class="input-group-inset-item input-group-inset-item-after"
                  >
                    <button
                      aria-label="Search"
                      class="button-root btn btn-unstyled"
                      type="button"
                    >
                      <svg
                        class="lexicon-icon lexicon-icon-search icon-root"
                        role="presentation"
                      >
                        <use
                          xlink:href="#search"
                        />
                      </svg>
                    </button>
                  </div>
                </div>
              </div>
            </div>
          </div>
        </nav>
      </div>
      <div
        class="table-responsive table-root flex-grow-1"
      >
        <table
          class="table table-autofit table-hover table-heading-nowrap table-nowrap"
        >
          <thead>
            <tr>
              <th />
              <th
                class="table-head-title"
              >
                <button
                  class="inline-item text-truncate-inline btn btn-unstyled"
                  type="button"
                >
                  <span
                    class="text-truncate"
                  >
                    name
                  </span>
                  <span
                    class="inline-item inline-item-after"
                  >
                    <svg
                      class="lexicon-icon lexicon-icon-order-arrow-up icon-root"
                      role="presentation"
                    >
                      <use
                        xlink:href="#order-arrow-up"
                      />
                    </svg>
                  </span>
                </button>
              </th>
            </tr>
          </thead>
          <tbody>
            <tr
              class="clickable"
            >
              <td>
                <div
                  class="custom-control custom-checkbox"
                >
                  <label>
                    <input
                      class="custom-control-input"
                      type="checkbox"
                      value="false"
                    />
                    <span
                      class="custom-control-label"
                    />
                  </label>
                </div>
              </td>
              <td>
                fooOrganization-0
              </td>
            </tr>
            <tr
              class="clickable"
            >
              <td>
                <div
                  class="custom-control custom-checkbox"
                >
                  <label>
                    <input
                      class="custom-control-input"
                      type="checkbox"
                      value="false"
                    />
                    <span
                      class="custom-control-label"
                    />
                  </label>
                </div>
              </td>
              <td>
                fooOrganization-1
              </td>
            </tr>
            <tr
              class="clickable"
            >
              <td>
                <div
                  class="custom-control custom-checkbox"
                >
                  <label>
                    <input
                      class="custom-control-input"
                      type="checkbox"
                      value="false"
                    />
                    <span
                      class="custom-control-label"
                    />
                  </label>
                </div>
              </td>
              <td>
                fooOrganization-2
              </td>
            </tr>
            <tr
              class="clickable"
            >
              <td>
                <div
                  class="custom-control custom-checkbox"
                >
                  <label>
                    <input
                      class="custom-control-input"
                      type="checkbox"
                      value="false"
                    />
                    <span
                      class="custom-control-label"
                    />
                  </label>
                </div>
              </td>
              <td>
                fooOrganization-3
              </td>
            </tr>
            <tr
              class="clickable"
            >
              <td>
                <div
                  class="custom-control custom-checkbox"
                >
                  <label>
                    <input
                      class="custom-control-input"
                      type="checkbox"
                      value="false"
                    />
                    <span
                      class="custom-control-label"
                    />
                  </label>
                </div>
              </td>
              <td>
                fooOrganization-4
              </td>
            </tr>
          </tbody>
        </table>
      </div>
      <nav
        class="navbar navbar-root pagination-bar-root"
      >
        <div
          class="container-fluid"
        >
          <div
            class="dropdown dropdown-root pagination-items-per-page"
          >
            <button
              aria-controls="clay-dropdown-menu-1"
              aria-expanded="false"
              aria-haspopup="true"
              class="dropdown-toggle button-root btn btn-sm btn-secondary"
              type="button"
            >
              5 Items
              <svg
                class="lexicon-icon lexicon-icon-caret-bottom ml-2"
                role="presentation"
              >
                <use
                  xlink:href="#caret-bottom"
                />
              </svg>
            </button>
          </div>
          <div
            class="pagination-results"
          >
            Showing 1 to 5 of 5 entries.
          </div>
          <ul
            class="pagination pagination-root"
          >
            <li
              class="page-item disabled"
            >
              <button
                class="button-root btn btn-unstyled page-link btn btn-primary"
                disabled=""
                href=""
                type="button"
              >
                <svg
                  class="lexicon-icon lexicon-icon-angle-left-small icon-root"
                  role="presentation"
                >
                  <use
                    xlink:href="#angle-left-small"
                  />
                </svg>
              </button>
            </li>
            <li
              class="page-item active"
            >
              <button
                class="button-root btn btn-unstyled page-link btn btn-primary"
                href=""
                type="button"
              >
                1
              </button>
            </li>
            <li
              class="page-item disabled"
            >
              <button
                class="button-root btn btn-unstyled page-link btn btn-primary"
                disabled=""
                href=""
                type="button"
              >
                <svg
                  class="lexicon-icon lexicon-icon-angle-right-small icon-root"
                  role="presentation"
                >
                  <use
                    xlink:href="#angle-right-small"
                  />
                </svg>
              </button>
            </li>
          </ul>
        </div>
      </nav>
      <div
        class="modal-footer"
      >
        <button
          class="button-root btn btn-secondary"
          type="button"
        >
          Cancel
        </button>
        <button
          class="button-root btn btn-primary"
          disabled=""
          type="button"
        >
          Submit
        </button>
      </div>
    </div>
  </div>
</div>
`;
