// Jest Snapshot v1, https://goo.gl/fbAQLP

exports[`CriteriaRow should render 1`] = `
<div>
  <div
    class="criterion-row-root"
  >
    <div
      aria-hidden="true"
      class="color-stripe color--session"
      data-aria-hidden="true"
    />
    <div
      class="edit-container"
    >
      <div
        aria-hidden="true"
        class="drag-icon"
        data-aria-hidden="true"
        draggable="true"
      >
        <svg
          class="lexicon-icon lexicon-icon-drag icon-root"
          role="presentation"
        >
          <use
            xlink:href="#drag"
          />
        </svg>
      </div>
      <div
        class="criteria-statement"
      >
        <div
          class="form-group form-group-autofit"
        >
          <div
            class="criteria-statement"
          >
            <div
              class="form-group form-group-autofit"
            >
              <div
                aria-hidden="true"
                class="form-group-item entity-name form-group-item-label form-group-item-shrink"
                data-aria-hidden="true"
              >
                Session
              </div>
              <div
                aria-hidden="true"
                class="form-group-item display-value form-group-item-label form-group-item-shrink"
                data-aria-hidden="true"
              >
                Referrer
              </div>
              <div
                class="form-group-item form-group-item-shrink"
              >
                <button
                  aria-activedescendant="ne"
                  aria-expanded="true"
                  aria-haspopup="listbox"
                  aria-owns="clay-id-2"
                  class="form-control form-control-select form-control-select-secondary show"
                  role="combobox"
                  style=""
                  tabindex="0"
                  type="button"
                >
                  is not
                </button>
              </div>
              <div
                aria-hidden="true"
                class="form-group-item"
                data-aria-hidden="true"
              >
                <div
                  aria-haspopup="true"
                  class="input-group base-select-input-root select-input-root"
                >
                  <div
                    class="input-group-item"
                  >
                    <input
                      autocomplete="off"
                      class="input-root form-control input-group-inset input-group-inset-after"
                      placeholder=""
                      type="text"
                      value=""
                    />
                    <div
                      class="input-group-inset-item input-group-inset-item-after"
                    >
                      <svg
                        class="lexicon-icon lexicon-icon-caret-bottom icon-root"
                        role="presentation"
                      >
                        <use
                          xlink:href="#caret-bottom"
                        />
                      </svg>
                    </div>
                  </div>
                </div>
              </div>
            </div>
          </div>
        </div>
        <div
          aria-hidden="true"
          class="form-group form-group-autofit"
          data-aria-hidden="true"
        >
          <div
            class="form-group-item form-group-item-shrink"
          >
            <button
              aria-activedescendant=""
              aria-expanded="false"
              aria-haspopup="listbox"
              class="form-control form-control-select form-control-select-secondary conjunction-input"
              data-testid="conjunction-input"
              role="combobox"
              tabindex="0"
              type="button"
            >
              after
            </button>
          </div>
          <div
            class="form-group-item form-group-item-shrink"
          >
            <div
              aria-haspopup="true"
              class="input-group date-input-root"
            >
              <div
                class="input-group-item"
              >
                <input
                  autocomplete="off"
                  class="input-root form-control input-group-inset input-group-inset-after"
                  data-testid="date-input"
                  placeholder="YYYY-MM-DD"
                  readonly=""
                  type="text"
                  value=""
                />
                <div
                  class="input-group-inset-item input-group-inset-item-after"
                >
                  <button
                    aria-label="Choose a date"
                    class="button-root btn btn-unstyled"
                    type="button"
                  >
                    <svg
                      class="lexicon-icon lexicon-icon-calendar icon-root"
                      role="presentation"
                    >
                      <use
                        xlink:href="#calendar"
                      />
                    </svg>
                  </button>
                </div>
              </div>
            </div>
          </div>
        </div>
      </div>
      <div
        aria-hidden="true"
        class="actions"
        data-aria-hidden="true"
      >
        <div
          class="dropdown dropdown-action"
        >
          <button
            aria-controls="clay-dropdown-menu-1"
            aria-expanded="false"
            aria-haspopup="true"
            aria-label="Menu"
            class="dropdown-toggle component-action btn btn-unstyled"
            type="button"
          >
            <svg
              class="lexicon-icon lexicon-icon-ellipsis-v"
              role="presentation"
            >
              <use
                xlink:href="#ellipsis-v"
              />
            </svg>
          </button>
        </div>
      </div>
    </div>
  </div>
</div>
`;
