// Jest Snapshot v1, https://goo.gl/fbAQLP

exports[`SegmentProfileRoutes should render 1`] = `
<div>
  <div
    class="index-root segment-profile-root"
  >
    <div
      class="maintenance-alert-root"
    />
    <header
      class="header-root"
    >
      <div
        class="header-container"
      >
        <div
          class="row-root align-items-center d-flex justify-content-between"
        >
          <ol
            class="breadcrumb breadcrumbs-root"
          >
            <li
              class="breadcrumb-item"
            >
              <a
                class="breadcrumb-text-truncate breadcrumb-link"
                href="/workspace/23/123/sites"
              >
                Channel 1
              </a>
            </li>
            <li
              class="breadcrumb-item"
            >
              <a
                class="breadcrumb-text-truncate breadcrumb-link"
                href="/workspace/23/123/contacts/segments"
              >
                Segments
              </a>
            </li>
            <li
              class="breadcrumb-item active"
            >
              <span
                class="breadcrumb-text-truncate"
              >
                Seattle0
              </span>
            </li>
          </ol>
        </div>
        <div
          class="row-root align-items-center d-flex justify-content-between"
        >
          <div
            class="header-section title-section"
          >
            <span
              class="align-items-center d-flex"
            >
              <h1
                class="title text-truncate"
              >
                <span
                  class="text-truncate"
                  data-tooltip="false"
                  title=""
                >
                  Seattle0
                </span>
              </h1>
              <div
                class="label label-root label-secondary label-lg label-uppercase"
              >
                <span
                  class="label-item"
                >
                  Static Segment
                </span>
              </div>
            </span>
          </div>
          <div
            class="header-section"
          >
            <a
              class="button-root btn btn-secondary"
              href="/workspace/23/123/contacts/segments/test/edit"
            >
              Edit Segment
            </a>
          </div>
        </div>
        <div
          class="row"
        >
          <nav
            class="navbar navbar-collapse-relative navbar-expand-md navbar-underline navigation-bar navigation-bar-light"
          >
            <div
              class="container-fluid container-fluid-max-xl"
            >
              <button
                aria-expanded="false"
                class="navbar-toggler navbar-toggler-link collapsed btn btn-unstyled"
                type="button"
              >
                <span
                  class="navbar-text-truncate"
                />
                <svg
                  class="lexicon-icon lexicon-icon-caret-bottom"
                  role="presentation"
                >
                  <use
                    xlink:href="#caret-bottom"
                  />
                </svg>
              </button>
              <div
                class="navbar-collapse collapse"
              >
                <div
                  class="container-fluid container-fluid-max-xl"
                >
                  <ul
                    class="navbar-nav"
                  >
                    <li
                      class="nav-item"
                    >
                      <a
                        class="nav-link"
                        href="/workspace/23/123/contacts/segments/test"
                      >
                        <span
                          class="navbar-text-truncate"
                        >
                          Overview
                        </span>
                      </a>
                    </li>
                    <li
                      class="nav-item"
                    >
                      <a
                        class="nav-link"
                        href="/workspace/23/123/contacts/segments/test/membership"
                      >
                        <span
                          class="navbar-text-truncate"
                        >
                          Membership
                        </span>
                      </a>
                    </li>
                    <li
                      class="nav-item"
                    >
                      <a
                        class="nav-link"
                        href="/workspace/23/123/contacts/segments/test/interests"
                      >
                        <span
                          class="navbar-text-truncate"
                        >
                          Interests
                        </span>
                      </a>
                    </li>
                    <li
                      class="nav-item"
                    >
                      <a
                        class="nav-link"
                        href="/workspace/23/123/contacts/segments/test/distribution"
                      >
                        <span
                          class="navbar-text-truncate"
                        >
                          Distribution
                        </span>
                      </a>
                    </li>
                  </ul>
                </div>
              </div>
            </div>
          </nav>
        </div>
      </div>
    </header>
    <div
      class="embedded-alert-list-root"
    />
    <div
      class="body-root page-container"
    >
      <span
        class="children-wrapper"
      />
    </div>
  </div>
</div>
`;
