{
	"pageElement": {
		"pageElements": [
			{
				"definition": {
					"cssClasses": [
						"customClass1",
						"customClass2"
					],
					"fragmentStyle": {
						"backgroundColor": "",
						"borderRadius": "rounded-0",
						"borderWidth": "0",
						"fontFamily": "sans-serif",
						"fontSize": "medium",
						"fontWeight": "font-weight-normal",
						"height": "h-auto",
						"maxHeight": "none",
						"maxWidth": "none",
						"minHeight": "auto",
						"minWidth": "auto",
						"overflow": "visible",
						"shadow": "shadow-none",
						"textAlign": "none",
						"width": "w-auto"
					},
					"indexed": true,
					"layout": {
						"shadow": "None"
					}
				},
				"type": "Section"
			}
		],
		"type": "Root"
	},
	"settings": {
		"colorSchemeName": "01",
		"themeName": "Classic"
	},
	"version": 1.1
}