// Jest Snapshot v1, https://goo.gl/fbAQLP

exports[`IndividualProfileRoutes should render 1`] = `
<div>
  <div
    class="index-root"
  >
    <div
      class="maintenance-alert-root"
    />
    <header
      class="header-root"
    >
      <div
        class="header-container"
      >
        <div
          class="row-root align-items-center d-flex justify-content-between"
        >
          <ol
            class="breadcrumb breadcrumbs-root"
          >
            <li
              class="breadcrumb-item"
            >
              <a
                class="breadcrumb-text-truncate breadcrumb-link"
                href="/workspace/23/123/sites"
              >
                Channel 1
              </a>
            </li>
            <li
              class="breadcrumb-item"
            >
              <a
                class="breadcrumb-text-truncate breadcrumb-link"
                href="/workspace/23/123/contacts/individuals/known-individuals"
              >
                Known Individuals
              </a>
            </li>
            <li
              class="breadcrumb-item active"
            >
              <span
                class="breadcrumb-text-truncate"
              >
                Foo Bar
              </span>
            </li>
          </ol>
        </div>
        <div
          class="header-section title-section"
        >
          <span
            class="align-items-center d-flex"
          >
            <h1
              class="title text-truncate"
            >
              <span
                class="text-truncate"
                data-tooltip="false"
                title=""
              >
                Foo Bar
              </span>
            </h1>
          </span>
        </div>
        <div
          class="row"
        >
          <nav
            class="navbar navbar-collapse-relative navbar-expand-md navbar-underline navigation-bar navigation-bar-light"
          >
            <div
              class="container-fluid container-fluid-max-xl"
            >
              <button
                aria-expanded="false"
                class="navbar-toggler navbar-toggler-link collapsed btn btn-unstyled"
                type="button"
              >
                <span
                  class="navbar-text-truncate"
                />
                <svg
                  class="lexicon-icon lexicon-icon-caret-bottom"
                  role="presentation"
                >
                  <use
                    xlink:href="#caret-bottom"
                  />
                </svg>
              </button>
              <div
                class="navbar-collapse collapse"
              >
                <div
                  class="container-fluid container-fluid-max-xl"
                >
                  <ul
                    class="navbar-nav"
                  >
                    <li
                      class="nav-item"
                    >
                      <a
                        class="nav-link"
                        href="/workspace/23/123/contacts/individuals/known-individuals/test"
                      >
                        <span
                          class="navbar-text-truncate"
                        >
                          Overview
                        </span>
                      </a>
                    </li>
                    <li
                      class="nav-item"
                    >
                      <a
                        class="nav-link"
                        href="/workspace/23/123/contacts/individuals/known-individuals/test/interests"
                      >
                        <span
                          class="navbar-text-truncate"
                        >
                          Interests
                        </span>
                      </a>
                    </li>
                    <li
                      class="nav-item"
                    >
                      <a
                        class="nav-link"
                        href="/workspace/23/123/contacts/individuals/known-individuals/test/segments"
                      >
                        <span
                          class="navbar-text-truncate"
                        >
                          Segments
                        </span>
                      </a>
                    </li>
                    <li
                      class="nav-item"
                    >
                      <a
                        class="nav-link"
                        href="/workspace/23/123/contacts/individuals/known-individuals/test/details"
                      >
                        <span
                          class="navbar-text-truncate"
                        >
                          Details
                        </span>
                      </a>
                    </li>
                  </ul>
                </div>
              </div>
            </div>
          </nav>
        </div>
      </div>
    </header>
    <div
      class="body-root page-container"
    >
      <span
        class="children-wrapper"
      />
    </div>
  </div>
</div>
`;
